
/home/runner/work/exp-transformations-rotation-iiith/exp-transformations-rotation-iiith/experiment/simulation/main.js
    16:7   warning  'modalbutton1' is assigned a value but never used       no-unused-vars
    25:5   warning  'modalAdd' is assigned a value but never used           no-unused-vars
    59:3   warning  'lock' is assigned a value but never used               no-unused-vars
    60:3   warning  'dir' is assigned a value but never used                no-unused-vars
    62:3   warning  'arrowHelper' is assigned a value but never used        no-unused-vars
   158:10  warning  'rotateShapesAboutOwnCenter' is defined but never used  no-unused-vars
   262:11  warning  'shapePos' is assigned a value but never used           no-unused-vars
   578:5   warning  'buttons' is assigned a value but never used            no-unused-vars
   666:5   warning  'raycaster' is assigned a value but never used          no-unused-vars
   667:5   warning  'mouse' is assigned a value but never used              no-unused-vars
   668:5   warning  'plane' is assigned a value but never used              no-unused-vars
   669:5   warning  'pNormal' is assigned a value but never used            no-unused-vars
   670:5   warning  'planeIntersect' is assigned a value but never used     no-unused-vars
   671:5   warning  'pIntersect' is assigned a value but never used         no-unused-vars
   672:5   warning  'shift' is assigned a value but never used              no-unused-vars
   673:5   warning  'isDragging' is assigned a value but never used         no-unused-vars
   674:5   warning  'dragObject' is defined but never used                  no-unused-vars
   678:5   warning  'noOfShapes' is assigned a value but never used         no-unused-vars
   684:5   warning  'vectorArrow' is defined but never used                 no-unused-vars
   955:9   warning  'gridHelper' is assigned a value but never used         no-unused-vars
   956:9   warning  'count' is assigned a value but never used              no-unused-vars
   957:7   warning  'dir_x' is assigned a value but never used              no-unused-vars
   958:7   warning  'dir_y' is assigned a value but never used              no-unused-vars
   959:7   warning  'dir_z' is assigned a value but never used              no-unused-vars
   960:7   warning  'negdir_x' is assigned a value but never used           no-unused-vars
   961:7   warning  'negdir_y' is assigned a value but never used           no-unused-vars
   962:7   warning  'negdir_z' is assigned a value but never used           no-unused-vars
   965:7   warning  'endPoint' is assigned a value but never used           no-unused-vars
  1039:7   warning  'PointGeometry' is assigned a value but never used      no-unused-vars

✖ 29 problems (0 errors, 29 warnings)

